18:49:31 **** Incremental Build of configuration Debug for project cyclone_checker ****
make all 
make: Nothing to be done for `all'.
18:50:46 **** Incremental Build of configuration Debug for project hello_world ****
make all 
make: Nothing to be done for `all'.
18:50:47 **** Incremental Build of configuration Debug for project cyclone_checker ****
make all 
make: Nothing to be done for `all'.
18:50:47 **** Incremental Build of configuration Debug for project vga_test ****
make all 
make: Nothing to be done for `all'.
18:51:21 **** Incremental Build of configuration Debug for project hello_world ****
make all 
make: Nothing to be done for `all'.
18:51:22 **** Incremental Build of configuration Debug for project cyclone_checker ****
make all 
make: Nothing to be done for `all'.
18:51:22 **** Incremental Build of configuration Debug for project vga_test ****
make all 
make: Nothing to be done for `all'.
18:54:37 **** Incremental Build of configuration Debug for project hello_world ****
make all 
make: Nothing to be done for `all'.
18:54:38 **** Incremental Build of configuration Debug for project cyclone_checker ****
make all 
make: Nothing to be done for `all'.
18:54:39 **** Incremental Build of configuration Debug for project vga_test ****
make all 
make: Nothing to be done for `all'.
18:54:50 **** Clean-only build of configuration Debug for project hello_world ****
make clean 
rm -rf  ./src/helloworld.o ./src/platform.o  ./src/helloworld.d ./src/platform.d  hello_world.elf.size  hello_world.elf
' '
18:54:50 **** Auto Build of configuration Debug for project hello_world ****
make all 
'Building file: ../src/helloworld.c'
'Invoking: ARM gcc compiler'
arm-xilinx-eabi-gcc -Wall -O0 -g3 -c -fmessage-length=0 -I../../system_bsp2/ps7_cortexa9_0/include -MMD -MP -MF"src/helloworld.d" -MT"src/helloworld.d" -o "src/helloworld.o" "../src/helloworld.c"
../src/helloworld.c: In function 'main':
../src/helloworld.c:45:27: warning: initialization makes pointer from integer without a cast [enabled by default]
../src/helloworld.c:46:26: warning: initialization makes pointer from integer without a cast [enabled by default]
../src/helloworld.c:62:6: warning: implicit declaration of function 'memcpy' [-Wimplicit-function-declaration]
../src/helloworld.c:62:6: warning: incompatible implicit declaration of built-in function 'memcpy' [enabled by default]
../src/helloworld.c:62:6: warning: passing argument 1 of 'memcpy' discards 'volatile' qualifier from pointer target type [enabled by default]
../src/helloworld.c:62:6: note: expected 'void *' but argument is of type 'volatile char *'
../src/helloworld.c:62:6: warning: passing argument 2 of 'memcpy' discards 'volatile' qualifier from pointer target type [enabled by default]
../src/helloworld.c:62:6: note: expected 'const void *' but argument is of type 'volatile char *'
../src/helloworld.c:64:23: warning: 'return' with no value, in function returning non-void [-Wreturn-type]
'Finished building: ../src/helloworld.c'
' '
'Building file: ../src/platform.c'
'Invoking: ARM gcc compiler'
arm-xilinx-eabi-gcc -Wall -O0 -g3 -c -fmessage-length=0 -I../../system_bsp2/ps7_cortexa9_0/include -MMD -MP -MF"src/platform.d" -MT"src/platform.d" -o "src/platform.o" "../src/platform.c"
'Finished building: ../src/platform.c'
' '
'Building target: hello_world.elf'
'Invoking: ARM gcc linker'
arm-xilinx-eabi-gcc -Wl,-T -Wl,../src/lscript.ld -L../../system_bsp2/ps7_cortexa9_0/lib -o "hello_world.elf"  ./src/helloworld.o ./src/platform.o   -Wl,--start-group,-lxil,-lgcc,-lc,--end-group
'Finished building target: hello_world.elf'
' '
'Invoking: ARM Print Size'
arm-xilinx-eabi-size hello_world.elf  |tee "hello_world.elf.size"
   text	   data	    bss	    dec	    hex	filename
  62520	   2264	  29852	  94636	  171ac	hello_world.elf
'Finished building: hello_world.elf.size'
' '
18:55:00 **** Incremental Build of configuration Debug for project hello_world ****
make all 
make: Nothing to be done for `all'.
18:55:00 **** Incremental Build of configuration Debug for project cyclone_checker ****
make all 
make: Nothing to be done for `all'.
18:55:01 **** Incremental Build of configuration Debug for project vga_test ****
make all 
make: Nothing to be done for `all'.
13:05:55 **** Auto Build of project system_bsp2 ****
make -k all 
libgen -hw ../system_hw_platform/system.xml\
	       \
	       -pe ps7_cortexa9_0 \
	       -log libgen.log \
	       system.mss
libgen
Xilinx EDK 14.7 Build EDK_P.20131013
Copyright (c) 1995-2012 Xilinx, Inc.  All rights reserved.

Command Line: libgen -hw ../system_hw_platform/system.xml -pe ps7_cortexa9_0
-log libgen.log system.mss 


Staging source files.
Running DRCs.
Running generate.
Running post_generate.
Running include - 'make -s include "COMPILER=arm-xilinx-eabi-gcc"
"ARCHIVER=arm-xilinx-eabi-ar" "COMPILER_FLAGS= -O2 -c"
"EXTRA_COMPILER_FLAGS=-g"'.

Running libs - 'make -s libs "COMPILER=arm-xilinx-eabi-gcc"
"ARCHIVER=arm-xilinx-eabi-ar" "COMPILER_FLAGS= -O2 -c"
"EXTRA_COMPILER_FLAGS=-g"'.
"Compiling common"
arm-xilinx-eabi-ar: creating ../../../lib/libxil.a
"Compiling standalone"
"Compiling axivdma"
"Compiling gpio"
"Compiling devcfg"
"Compiling dmaps"
"Compiling emacps"
"Compiling gpiops"
"Compiling qspips"
"Compiling scugic"
"Compiling scutimer"
"Compiling scuwdt"
"Compiling ttcps"
"Compiling uartps"
"Compiling usbps"
"Compiling xadcps"
"Compiling video timing controller"
"Compiling cpu_cortexa9"
Running execs_generate.
'Finished building libraries'
13:07:35 **** Auto Build of project system_bsp2 ****
make -k all 
'Finished building libraries'
13:07:35 **** Auto Build of project system_bsp2 ****
make -k all 
'Finished building libraries'
13:07:37 **** Auto Build of configuration Debug for project hello_world ****
make all 
'Building target: hello_world.elf'
'Invoking: ARM gcc linker'
arm-xilinx-eabi-gcc -Wl,-T -Wl,../src/lscript.ld -L../../system_bsp2/ps7_cortexa9_0/lib -o "hello_world.elf"  ./src/helloworld.o ./src/platform.o   -Wl,--start-group,-lxil,-lgcc,-lc,--end-group
'Finished building target: hello_world.elf'
' '
'Invoking: ARM Print Size'
arm-xilinx-eabi-size hello_world.elf  |tee "hello_world.elf.size"
   text	   data	    bss	    dec	    hex	filename
  62520	   2264	  29852	  94636	  171ac	hello_world.elf
'Finished building: hello_world.elf.size'
' '
13:07:40 **** Auto Build of configuration Debug for project cyclone_checker ****
make all 
make: Nothing to be done for `all'.
13:07:41 **** Auto Build of configuration Debug for project vga_test ****
make all 
make: Nothing to be done for `all'.
13:07:43 **** Clean-only build of project system_bsp2 ****
make -k clean 
rm -rf ps7_cortexa9_0
13:07:54 **** Clean-only build of configuration Debug for project cyclone_checker ****
make clean 
rm -rf  ./src/cyclone_checker.o ./src/platform.o  ./src/cyclone_checker.d ./src/platform.d  cyclone_checker.elf.size  cyclone_checker.elf
' '
13:07:55 **** Clean-only build of configuration Debug for project hello_world ****
make clean 
rm -rf  ./src/helloworld.o ./src/platform.o  ./src/helloworld.d ./src/platform.d  hello_world.elf.size  hello_world.elf
' '
13:07:56 **** Clean-only build of configuration Debug for project vga_test ****
make clean 
rm -rf  ./src/platform.o ./src/vga_test.o  ./src/platform.d ./src/vga_test.d  vga_test.elf.size  vga_test.elf
' '
13:07:56 **** Build of project system_bsp2 ****
make -k all 
libgen -hw ../system_hw_platform/system.xml\
	       \
	       -pe ps7_cortexa9_0 \
	       -log libgen.log \
	       system.mss
libgen
Xilinx EDK 14.7 Build EDK_P.20131013
Copyright (c) 1995-2012 Xilinx, Inc.  All rights reserved.

Command Line: libgen -hw ../system_hw_platform/system.xml -pe ps7_cortexa9_0
-log libgen.log system.mss 


Staging source files.
Running DRCs.
Running generate.
Running post_generate.
Running include - 'make -s include "COMPILER=arm-xilinx-eabi-gcc"
"ARCHIVER=arm-xilinx-eabi-ar" "COMPILER_FLAGS= -O2 -c"
"EXTRA_COMPILER_FLAGS=-g"'.

Running libs - 'make -s libs "COMPILER=arm-xilinx-eabi-gcc"
"ARCHIVER=arm-xilinx-eabi-ar" "COMPILER_FLAGS= -O2 -c"
"EXTRA_COMPILER_FLAGS=-g"'.
"Compiling common"
arm-xilinx-eabi-ar: creating ../../../lib/libxil.a
"Compiling standalone"
"Compiling axivdma"
"Compiling gpio"
"Compiling devcfg"
"Compiling dmaps"
"Compiling emacps"
"Compiling gpiops"
"Compiling qspips"
"Compiling scugic"
"Compiling scutimer"
"Compiling scuwdt"
"Compiling ttcps"
"Compiling uartps"
"Compiling usbps"
"Compiling xadcps"
"Compiling video timing controller"
"Compiling cpu_cortexa9"
Running execs_generate.
'Finished building libraries'
13:09:22 **** Build of configuration Debug for project hello_world ****
make all 
'Building file: ../src/helloworld.c'
'Invoking: ARM gcc compiler'
arm-xilinx-eabi-gcc -Wall -O0 -g3 -c -fmessage-length=0 -I../../system_bsp2/ps7_cortexa9_0/include -MMD -MP -MF"src/helloworld.d" -MT"src/helloworld.d" -o "src/helloworld.o" "../src/helloworld.c"
../src/helloworld.c: In function 'main':
../src/helloworld.c:45:27: warning: initialization makes pointer from integer without a cast [enabled by default]
../src/helloworld.c:46:26: warning: initialization makes pointer from integer without a cast [enabled by default]
../src/helloworld.c:62:6: warning: implicit declaration of function 'memcpy' [-Wimplicit-function-declaration]
../src/helloworld.c:62:6: warning: incompatible implicit declaration of built-in function 'memcpy' [enabled by default]
../src/helloworld.c:62:6: warning: passing argument 1 of 'memcpy' discards 'volatile' qualifier from pointer target type [enabled by default]
../src/helloworld.c:62:6: note: expected 'void *' but argument is of type 'volatile char *'
../src/helloworld.c:62:6: warning: passing argument 2 of 'memcpy' discards 'volatile' qualifier from pointer target type [enabled by default]
../src/helloworld.c:62:6: note: expected 'const void *' but argument is of type 'volatile char *'
../src/helloworld.c:64:23: warning: 'return' with no value, in function returning non-void [-Wreturn-type]
'Finished building: ../src/helloworld.c'
' '
'Building file: ../src/platform.c'
'Invoking: ARM gcc compiler'
arm-xilinx-eabi-gcc -Wall -O0 -g3 -c -fmessage-length=0 -I../../system_bsp2/ps7_cortexa9_0/include -MMD -MP -MF"src/platform.d" -MT"src/platform.d" -o "src/platform.o" "../src/platform.c"
'Finished building: ../src/platform.c'
' '
'Building target: hello_world.elf'
'Invoking: ARM gcc linker'
arm-xilinx-eabi-gcc -Wl,-T -Wl,../src/lscript.ld -L../../system_bsp2/ps7_cortexa9_0/lib -o "hello_world.elf"  ./src/helloworld.o ./src/platform.o   -Wl,--start-group,-lxil,-lgcc,-lc,--end-group
'Finished building target: hello_world.elf'
' '
'Invoking: ARM Print Size'
arm-xilinx-eabi-size hello_world.elf  |tee "hello_world.elf.size"
   text	   data	    bss	    dec	    hex	filename
  62520	   2264	  29852	  94636	  171ac	hello_world.elf
'Finished building: hello_world.elf.size'
' '
13:09:24 **** Build of configuration Debug for project cyclone_checker ****
make all 
'Building file: ../src/cyclone_checker.c'
'Invoking: ARM gcc compiler'
arm-xilinx-eabi-gcc -Wall -O0 -g3 -c -fmessage-length=0 -I../../system_bsp2/ps7_cortexa9_0/include -MMD -MP -MF"src/cyclone_checker.d" -MT"src/cyclone_checker.d" -o "src/cyclone_checker.o" "../src/cyclone_checker.c"
../src/cyclone_checker.c: In function 'main':
../src/cyclone_checker.c:66:5: warning: implicit declaration of function 'Xil_DCacheFlush' [-Wimplicit-function-declaration]
'Finished building: ../src/cyclone_checker.c'
' '
'Building file: ../src/platform.c'
'Invoking: ARM gcc compiler'
arm-xilinx-eabi-gcc -Wall -O0 -g3 -c -fmessage-length=0 -I../../system_bsp2/ps7_cortexa9_0/include -MMD -MP -MF"src/platform.d" -MT"src/platform.d" -o "src/platform.o" "../src/platform.c"
'Finished building: ../src/platform.c'
' '
'Building target: cyclone_checker.elf'
'Invoking: ARM gcc linker'
arm-xilinx-eabi-gcc -Wl,-T -Wl,../src/lscript.ld -L../../system_bsp2/ps7_cortexa9_0/lib -o "cyclone_checker.elf"  ./src/cyclone_checker.o ./src/platform.o   -Wl,--start-group,-lxil,-lgcc,-lc,--end-group
'Finished building target: cyclone_checker.elf'
' '
'Invoking: ARM Print Size'
arm-xilinx-eabi-size cyclone_checker.elf  |tee "cyclone_checker.elf.size"
   text	   data	    bss	    dec	    hex	filename
  31024	   1104	 644196	 676324	  a51e4	cyclone_checker.elf
'Finished building: cyclone_checker.elf.size'
' '
13:09:26 **** Build of configuration Debug for project vga_test ****
make all 
'Building file: ../src/platform.c'
'Invoking: ARM gcc compiler'
arm-xilinx-eabi-gcc -Wall -O0 -g3 -c -fmessage-length=0 -I../../system_bsp2/ps7_cortexa9_0/include -MMD -MP -MF"src/platform.d" -MT"src/platform.d" -o "src/platform.o" "../src/platform.c"
'Finished building: ../src/platform.c'
' '
'Building file: ../src/vga_test.c'
'Invoking: ARM gcc compiler'
arm-xilinx-eabi-gcc -Wall -O0 -g3 -c -fmessage-length=0 -I../../system_bsp2/ps7_cortexa9_0/include -MMD -MP -MF"src/vga_test.d" -MT"src/vga_test.d" -o "src/vga_test.o" "../src/vga_test.c"
../src/vga_test.c: In function 'main':
../src/vga_test.c:61:5: warning: implicit declaration of function 'Xil_DCacheFlush' [-Wimplicit-function-declaration]
../src/vga_test.c:77:5: warning: format '%x' expects argument of type 'unsigned int', but argument 2 has type 'u32' [-Wformat]
../src/vga_test.c:77:5: warning: format '%x' expects argument of type 'unsigned int', but argument 2 has type 'u32' [-Wformat]
'Finished building: ../src/vga_test.c'
' '
'Building target: vga_test.elf'
'Invoking: ARM gcc linker'
arm-xilinx-eabi-gcc -Wl,-T -Wl,../src/lscript.ld -L../../system_bsp2/ps7_cortexa9_0/lib -o "vga_test.elf"  ./src/platform.o ./src/vga_test.o   -Wl,--start-group,-lxil,-lgcc,-lc,--end-group
'Finished building target: vga_test.elf'
' '
'Invoking: ARM Print Size'
arm-xilinx-eabi-size vga_test.elf  |tee "vga_test.elf.size"
   text	   data	    bss	    dec	    hex	filename
  69924	   2272	 644268	 716464	  aeeb0	vga_test.elf
'Finished building: vga_test.elf.size'
' '
13:10:12 **** Auto Build of configuration Debug for project hello_world ****
make all 
make: Nothing to be done for `all'.
13:10:12 **** Auto Build of configuration Debug for project vga_test ****
make all 
make: Nothing to be done for `all'.
13:10:42 **** Auto Build of project system_bsp2 ****
make -k all 
'Finished building libraries'
13:11:01 **** Auto Build of configuration Debug for project cyclone_checker ****
make all 
make: Nothing to be done for `all'.
13:11:01 **** Auto Build of configuration Debug for project hello_world ****
make all 
make: Nothing to be done for `all'.
13:11:01 **** Auto Build of configuration Debug for project vga_test ****
make all 
make: Nothing to be done for `all'.
13:13:47 **** Build of project standalone_bsp_0 ****
make -k all 
libgen -hw ../system_hw_platform/system.xml\
	       \
	       -pe ps7_cortexa9_0 \
	       -log libgen.log \
	       system.mss
libgen
Xilinx EDK 14.7 Build EDK_P.20131013
Copyright (c) 1995-2012 Xilinx, Inc.  All rights reserved.

Command Line: libgen -hw ../system_hw_platform/system.xml -pe ps7_cortexa9_0
-log libgen.log system.mss 


Staging source files.
Running DRCs.
Running generate.
Running post_generate.
Running include - 'make -s include "COMPILER=arm-xilinx-eabi-gcc"
"ARCHIVER=arm-xilinx-eabi-ar" "COMPILER_FLAGS= -O2 -c"
"EXTRA_COMPILER_FLAGS=-g"'.

Running libs - 'make -s libs "COMPILER=arm-xilinx-eabi-gcc"
"ARCHIVER=arm-xilinx-eabi-ar" "COMPILER_FLAGS= -O2 -c"
"EXTRA_COMPILER_FLAGS=-g"'.
"Compiling common"
arm-xilinx-eabi-ar: creating ../../../lib/libxil.a
"Compiling standalone"
"Compiling axivdma"
"Compiling gpio"
"Compiling devcfg"
"Compiling dmaps"
"Compiling emacps"
"Compiling gpiops"
"Compiling qspips"
"Compiling scugic"
"Compiling scutimer"
"Compiling scuwdt"
"Compiling ttcps"
"Compiling uartps"
"Compiling usbps"
"Compiling xadcps"
"Compiling video timing controller"
"Compiling cpu_cortexa9"
Running execs_generate.
'Finished building libraries'
13:15:26 **** Clean-only build of configuration Debug for project vga_test ****
make clean 
rm -rf  ./src/platform.o ./src/vga_test.o  ./src/platform.d ./src/vga_test.d  vga_test.elf.size  vga_test.elf
' '
13:15:27 **** Auto Build of configuration Debug for project vga_test ****
make all 
'Building file: ../src/platform.c'
'Invoking: ARM gcc compiler'
arm-xilinx-eabi-gcc -Wall -O0 -g3 -c -fmessage-length=0 -I../../standalone_bsp_0/ps7_cortexa9_0/include -MMD -MP -MF"src/platform.d" -MT"src/platform.d" -o "src/platform.o" "../src/platform.c"
'Finished building: ../src/platform.c'
' '
'Building file: ../src/vga_test.c'
'Invoking: ARM gcc compiler'
arm-xilinx-eabi-gcc -Wall -O0 -g3 -c -fmessage-length=0 -I../../standalone_bsp_0/ps7_cortexa9_0/include -MMD -MP -MF"src/vga_test.d" -MT"src/vga_test.d" -o "src/vga_test.o" "../src/vga_test.c"
../src/vga_test.c: In function 'main':
../src/vga_test.c:61:5: warning: implicit declaration of function 'Xil_DCacheFlush' [-Wimplicit-function-declaration]
../src/vga_test.c:77:5: warning: format '%x' expects argument of type 'unsigned int', but argument 2 has type 'u32' [-Wformat]
../src/vga_test.c:77:5: warning: format '%x' expects argument of type 'unsigned int', but argument 2 has type 'u32' [-Wformat]
'Finished building: ../src/vga_test.c'
' '
'Building target: vga_test.elf'
'Invoking: ARM gcc linker'
arm-xilinx-eabi-gcc -Wl,-T -Wl,../src/lscript.ld -L../../standalone_bsp_0/ps7_cortexa9_0/lib -o "vga_test.elf"  ./src/platform.o ./src/vga_test.o   -Wl,--start-group,-lxil,-lgcc,-lc,--end-group
'Finished building target: vga_test.elf'
' '
'Invoking: ARM Print Size'
arm-xilinx-eabi-size vga_test.elf  |tee "vga_test.elf.size"
   text	   data	    bss	    dec	    hex	filename
  69924	   2272	 644268	 716464	  aeeb0	vga_test.elf
'Finished building: vga_test.elf.size'
' '
13:17:02 **** Auto Build of configuration Debug for project vga_test ****
make all 
'Building file: ../src/vga_test.c'
'Invoking: ARM gcc compiler'
arm-xilinx-eabi-gcc -Wall -O0 -g3 -c -fmessage-length=0 -I../../standalone_bsp_0/ps7_cortexa9_0/include -MMD -MP -MF"src/vga_test.d" -MT"src/vga_test.d" -o "src/vga_test.o" "../src/vga_test.c"
../src/vga_test.c: In function 'main':
../src/vga_test.c:61:5: warning: implicit declaration of function 'Xil_DCacheFlush' [-Wimplicit-function-declaration]
'Finished building: ../src/vga_test.c'
' '
'Building target: vga_test.elf'
'Invoking: ARM gcc linker'
arm-xilinx-eabi-gcc -Wl,-T -Wl,../src/lscript.ld -L../../standalone_bsp_0/ps7_cortexa9_0/lib -o "vga_test.elf"  ./src/platform.o ./src/vga_test.o   -Wl,--start-group,-lxil,-lgcc,-lc,--end-group
'Finished building target: vga_test.elf'
' '
'Invoking: ARM Print Size'
arm-xilinx-eabi-size vga_test.elf  |tee "vga_test.elf.size"
   text	   data	    bss	    dec	    hex	filename
  69924	   2272	 644268	 716464	  aeeb0	vga_test.elf
'Finished building: vga_test.elf.size'
' '
13:17:11 **** Auto Build of configuration Debug for project vga_test ****
make all 
'Building file: ../src/vga_test.c'
'Invoking: ARM gcc compiler'
arm-xilinx-eabi-gcc -Wall -O0 -g3 -c -fmessage-length=0 -I../../standalone_bsp_0/ps7_cortexa9_0/include -MMD -MP -MF"src/vga_test.d" -MT"src/vga_test.d" -o "src/vga_test.o" "../src/vga_test.c"
../src/vga_test.c: In function 'main':
../src/vga_test.c:61:5: warning: implicit declaration of function 'Xil_DCacheFlush' [-Wimplicit-function-declaration]
'Finished building: ../src/vga_test.c'
' '
'Building target: vga_test.elf'
'Invoking: ARM gcc linker'
arm-xilinx-eabi-gcc -Wl,-T -Wl,../src/lscript.ld -L../../standalone_bsp_0/ps7_cortexa9_0/lib -o "vga_test.elf"  ./src/platform.o ./src/vga_test.o   -Wl,--start-group,-lxil,-lgcc,-lc,--end-group
'Finished building target: vga_test.elf'
' '
'Invoking: ARM Print Size'
arm-xilinx-eabi-size vga_test.elf  |tee "vga_test.elf.size"
   text	   data	    bss	    dec	    hex	filename
  69924	   2272	 644268	 716464	  aeeb0	vga_test.elf
'Finished building: vga_test.elf.size'
' '
13:18:09 **** Incremental Build of configuration Debug for project cyclone_checker ****
make all 
make: Nothing to be done for `all'.
13:18:10 **** Incremental Build of configuration Debug for project hello_world ****
make all 
make: Nothing to be done for `all'.
13:18:11 **** Incremental Build of configuration Debug for project vga_test ****
make all 
make: Nothing to be done for `all'.
13:29:25 **** Incremental Build of configuration Debug for project cyclone_checker ****
make all 
make: Nothing to be done for `all'.
13:29:26 **** Incremental Build of configuration Debug for project hello_world ****
make all 
make: Nothing to be done for `all'.
13:29:27 **** Incremental Build of configuration Debug for project vga_test ****
make all 
make: Nothing to be done for `all'.
13:29:38 **** Incremental Build of configuration Debug for project cyclone_checker ****
make all 
make: Nothing to be done for `all'.
13:29:39 **** Incremental Build of configuration Debug for project hello_world ****
make all 
make: Nothing to be done for `all'.
13:29:39 **** Incremental Build of configuration Debug for project vga_test ****
make all 
make: Nothing to be done for `all'.
13:32:52 **** Clean-only build of configuration Debug for project vga_test ****
make clean 
rm -rf  ./src/platform.o ./src/vga_test.o  ./src/platform.d ./src/vga_test.d  vga_test.elf.size  vga_test.elf
' '
13:32:52 **** Build of configuration Debug for project vga_test ****
make all 
'Building file: ../src/platform.c'
'Invoking: ARM gcc compiler'
arm-xilinx-eabi-gcc -Wall -O0 -g3 -c -fmessage-length=0 -I../../standalone_bsp_0/ps7_cortexa9_0/include -MMD -MP -MF"src/platform.d" -MT"src/platform.d" -o "src/platform.o" "../src/platform.c"
'Finished building: ../src/platform.c'
' '
'Building file: ../src/vga_test.c'
'Invoking: ARM gcc compiler'
arm-xilinx-eabi-gcc -Wall -O0 -g3 -c -fmessage-length=0 -I../../standalone_bsp_0/ps7_cortexa9_0/include -MMD -MP -MF"src/vga_test.d" -MT"src/vga_test.d" -o "src/vga_test.o" "../src/vga_test.c"
../src/vga_test.c: In function 'main':
../src/vga_test.c:61:5: warning: implicit declaration of function 'Xil_DCacheFlush' [-Wimplicit-function-declaration]
'Finished building: ../src/vga_test.c'
' '
'Building target: vga_test.elf'
'Invoking: ARM gcc linker'
arm-xilinx-eabi-gcc -Wl,-T -Wl,../src/lscript.ld -L../../standalone_bsp_0/ps7_cortexa9_0/lib -o "vga_test.elf"  ./src/platform.o ./src/vga_test.o   -Wl,--start-group,-lxil,-lgcc,-lc,--end-group
'Finished building target: vga_test.elf'
' '
'Invoking: ARM Print Size'
arm-xilinx-eabi-size vga_test.elf  |tee "vga_test.elf.size"
   text	   data	    bss	    dec	    hex	filename
  69924	   2272	 644268	 716464	  aeeb0	vga_test.elf
'Finished building: vga_test.elf.size'
' '
13:34:56 **** Incremental Build of configuration Debug for project cyclone_checker ****
make all 
make: Nothing to be done for `all'.
13:34:57 **** Incremental Build of configuration Debug for project hello_world ****
make all 
make: Nothing to be done for `all'.
13:34:58 **** Incremental Build of configuration Debug for project vga_test ****
make all 
make: Nothing to be done for `all'.
13:35:28 **** Incremental Build of configuration Debug for project cyclone_checker ****
make all 
make: Nothing to be done for `all'.
13:35:29 **** Incremental Build of configuration Debug for project hello_world ****
make all 
make: Nothing to be done for `all'.
13:35:29 **** Incremental Build of configuration Debug for project vga_test ****
make all 
make: Nothing to be done for `all'.
