14:39:46 **** Clean-only build of configuration Debug for project vga_test ****
make clean 
rm -rf  ./src/vga_test.o  ./src/vga_test.d  vga_test.elf.size  vga_test.elf
' '
14:39:46 **** Clean-only build of project system_bsp ****
make -k clean 
rm -rf ps7_cortexa9_0
14:39:58 **** Build of project system_bsp ****
make -k all 
libgen -hw ../system_hw_platform/system.xml\
	       \
	       -pe ps7_cortexa9_0 \
	       -log libgen.log \
	       system.mss
libgen
Xilinx EDK 14.7 Build EDK_P.20131013
Copyright (c) 1995-2012 Xilinx, Inc.  All rights reserved.

Command Line: libgen -hw ../system_hw_platform/system.xml -pe ps7_cortexa9_0
-log libgen.log system.mss 


Staging source files.
Running DRCs.
Running generate.
Running post_generate.
Running include - 'make -s include "COMPILER=arm-xilinx-eabi-gcc"
"ARCHIVER=arm-xilinx-eabi-ar" "COMPILER_FLAGS= -O2 -c"
"EXTRA_COMPILER_FLAGS=-g"'.

Running libs - 'make -s libs "COMPILER=arm-xilinx-eabi-gcc"
"ARCHIVER=arm-xilinx-eabi-ar" "COMPILER_FLAGS= -O2 -c"
"EXTRA_COMPILER_FLAGS=-g"'.
"Compiling common"
arm-xilinx-eabi-ar: creating ../../../lib/libxil.a
"Compiling standalone"
"Compiling axivdma"
"Compiling gpio"
"Compiling devcfg"
"Compiling dmaps"
"Compiling emacps"
"Compiling gpiops"
"Compiling qspips"
"Compiling scugic"
"Compiling scutimer"
"Compiling scuwdt"
"Compiling ttcps"
"Compiling uartps"
"Compiling usbps"
"Compiling xadcps"
"Compiling video timing controller"
"Compiling cpu_cortexa9"
Running execs_generate.
'Finished building libraries'
14:41:22 **** Auto Build of configuration Debug for project hello_world ****
make all 
make: Nothing to be done for `all'.
14:41:23 **** Build of configuration Debug for project vga_test ****
make all 
'Building file: ../src/vga_test.c'
'Invoking: ARM gcc compiler'
arm-xilinx-eabi-gcc -Wall -O0 -g3 -c -fmessage-length=0 -I../../system_bsp/ps7_cortexa9_0/include -MMD -MP -MF"src/vga_test.d" -MT"src/vga_test.d" -o "src/vga_test.o" "../src/vga_test.c"
../src/vga_test.c: In function 'main':
../src/vga_test.c:56:5: warning: implicit declaration of function 'Xil_DCacheFlush' [-Wimplicit-function-declaration]
'Finished building: ../src/vga_test.c'
' '
'Building target: vga_test.elf'
'Invoking: ARM gcc linker'
arm-xilinx-eabi-gcc -Wl,-T -Wl,../src/lscript.ld -L../../system_bsp/ps7_cortexa9_0/lib -o "vga_test.elf"  ./src/vga_test.o   -Wl,--start-group,-lxil,-lgcc,-lc,--end-group -Wl,--start-group,-lxilisf,-lxil,-lgcc,-lc,--end-group
c:/xilinx/14.7/ise_ds/edk/gnu/arm/nt/bin/../lib/gcc/arm-xilinx-eabi/4.7.3/../../../../arm-xilinx-eabi/bin/ld.exe: cannot find -lxilisf
collect2.exe: error: ld returned 1 exit status
make: *** [vga_test.elf] Error 1
14:41:38 **** Auto Build of configuration Debug for project vga_test ****
make all 
'Building target: vga_test.elf'
'Invoking: ARM gcc linker'
arm-xilinx-eabi-gcc -Wl,-T -Wl,../src/lscript.ld -L../../system_bsp/ps7_cortexa9_0/lib -o "vga_test.elf"  ./src/vga_test.o   -Wl,--start-group,-lxil,-lgcc,-lc,--end-group -Wl,--start-group,-lxilisf,-lxil,-lgcc,-lc,--end-group
c:/xilinx/14.7/ise_ds/edk/gnu/arm/nt/bin/../lib/gcc/arm-xilinx-eabi/4.7.3/../../../../arm-xilinx-eabi/bin/ld.exe: cannot find -lxilisf
collect2.exe: error: ld returned 1 exit status
make: *** [vga_test.elf] Error 1
14:43:49 **** Incremental Build of configuration Debug for project hello_world ****
make all 
make: Nothing to be done for `all'.
14:43:50 **** Incremental Build of configuration Debug for project vga_test ****
make all 
'Building target: vga_test.elf'
'Invoking: ARM gcc linker'
arm-xilinx-eabi-gcc -Wl,-T -Wl,../src/lscript.ld -L../../system_bsp/ps7_cortexa9_0/lib -o "vga_test.elf"  ./src/vga_test.o   -Wl,--start-group,-lxil,-lgcc,-lc,--end-group -Wl,--start-group,-lxilisf,-lxil,-lgcc,-lc,--end-group
c:/xilinx/14.7/ise_ds/edk/gnu/arm/nt/bin/../lib/gcc/arm-xilinx-eabi/4.7.3/../../../../arm-xilinx-eabi/bin/ld.exe: cannot find -lxilisf
collect2.exe: error: ld returned 1 exit status
make: *** [vga_test.elf] Error 1
14:46:31 **** Auto Build of configuration Debug for project vga_test ****
make all 
'Building file: ../src/vga_test.c'
'Invoking: ARM gcc compiler'
arm-xilinx-eabi-gcc -Wall -O0 -g3 -c -fmessage-length=0 -I../../system_bsp/ps7_cortexa9_0/include -MMD -MP -MF"src/vga_test.d" -MT"src/vga_test.d" -o "src/vga_test.o" "../src/vga_test.c"
../src/vga_test.c: In function 'main':
../src/vga_test.c:56:5: warning: implicit declaration of function 'Xil_DCacheFlush' [-Wimplicit-function-declaration]
../src/vga_test.c:64:5: warning: passing argument 2 of 'Xil_Out32' makes integer from pointer without a cast [enabled by default]
In file included from ../../system_bsp/ps7_cortexa9_0/include/xvtc_hw.h:158:0,
                 from ../../system_bsp/ps7_cortexa9_0/include/xvtc.h:238,
                 from ../src/vga_test.c:20:
../../system_bsp/ps7_cortexa9_0/include/xil_io.h:240:6: note: expected 'u32' but argument is of type 'u16 (*)[640]'
'Finished building: ../src/vga_test.c'
' '
'Building target: vga_test.elf'
'Invoking: ARM gcc linker'
arm-xilinx-eabi-gcc -Wl,-T -Wl,../src/lscript.ld -L../../system_bsp/ps7_cortexa9_0/lib -o "vga_test.elf"  ./src/vga_test.o   -Wl,--start-group,-lxil,-lgcc,-lc,--end-group -Wl,--start-group,-lxilisf,-lxil,-lgcc,-lc,--end-group
c:/xilinx/14.7/ise_ds/edk/gnu/arm/nt/bin/../lib/gcc/arm-xilinx-eabi/4.7.3/../../../../arm-xilinx-eabi/bin/ld.exe: cannot find -lxilisf
collect2.exe: error: ld returned 1 exit status
make: *** [vga_test.elf] Error 1
14:49:46 **** Build of project system_bsp2 ****
make -k all 
libgen -hw ../system_hw_platform/system.xml\
	       \
	       -pe ps7_cortexa9_0 \
	       -log libgen.log \
	       system.mss
libgen
Xilinx EDK 14.7 Build EDK_P.20131013
Copyright (c) 1995-2012 Xilinx, Inc.  All rights reserved.

Command Line: libgen -hw ../system_hw_platform/system.xml -pe ps7_cortexa9_0
-log libgen.log system.mss 


Staging source files.
Running DRCs.
Running generate.
Running post_generate.
Running include - 'make -s include "COMPILER=arm-xilinx-eabi-gcc"
"ARCHIVER=arm-xilinx-eabi-ar" "COMPILER_FLAGS= -O2 -c"
"EXTRA_COMPILER_FLAGS=-g"'.

Running libs - 'make -s libs "COMPILER=arm-xilinx-eabi-gcc"
"ARCHIVER=arm-xilinx-eabi-ar" "COMPILER_FLAGS= -O2 -c"
"EXTRA_COMPILER_FLAGS=-g"'.
"Compiling common"
arm-xilinx-eabi-ar: creating ../../../lib/libxil.a
"Compiling standalone"
"Compiling axivdma"
"Compiling gpio"
"Compiling devcfg"
"Compiling dmaps"
"Compiling emacps"
"Compiling gpiops"
"Compiling qspips"
"Compiling scugic"
"Compiling scutimer"
"Compiling scuwdt"
"Compiling ttcps"
"Compiling uartps"
"Compiling usbps"
"Compiling xadcps"
"Compiling video timing controller"
"Compiling cpu_cortexa9"
Running execs_generate.
'Finished building libraries'
14:51:22 **** Clean-only build of configuration Debug for project vga_test ****
make clean 
rm -rf  ./src/vga_test.o  ./src/vga_test.d  vga_test.elf.size  vga_test.elf
' '
14:51:22 **** Auto Build of configuration Debug for project vga_test ****
make all 
'Building file: ../src/vga_test.c'
'Invoking: ARM gcc compiler'
arm-xilinx-eabi-gcc -Wall -O0 -g3 -c -fmessage-length=0 -I../../system_bsp2/ps7_cortexa9_0/include -MMD -MP -MF"src/vga_test.d" -MT"src/vga_test.d" -o "src/vga_test.o" "../src/vga_test.c"
../src/vga_test.c: In function 'main':
../src/vga_test.c:56:5: warning: implicit declaration of function 'Xil_DCacheFlush' [-Wimplicit-function-declaration]
../src/vga_test.c:64:5: warning: passing argument 2 of 'Xil_Out32' makes integer from pointer without a cast [enabled by default]
In file included from ../../system_bsp2/ps7_cortexa9_0/include/xvtc_hw.h:158:0,
                 from ../../system_bsp2/ps7_cortexa9_0/include/xvtc.h:238,
                 from ../src/vga_test.c:20:
../../system_bsp2/ps7_cortexa9_0/include/xil_io.h:240:6: note: expected 'u32' but argument is of type 'u16 (*)[640]'
'Finished building: ../src/vga_test.c'
' '
'Building target: vga_test.elf'
'Invoking: ARM gcc linker'
arm-xilinx-eabi-gcc -Wl,-T -Wl,../src/lscript.ld -L../../system_bsp2/ps7_cortexa9_0/lib -o "vga_test.elf"  ./src/vga_test.o   -Wl,--start-group,-lxil,-lgcc,-lc,--end-group
'Finished building target: vga_test.elf'
' '
'Invoking: ARM Print Size'
arm-xilinx-eabi-size vga_test.elf  |tee "vga_test.elf.size"
   text	   data	    bss	    dec	    hex	filename
  30556	   1104	 644196	 675856	  a5010	vga_test.elf
'Finished building: vga_test.elf.size'
' '
14:51:36 **** Incremental Build of configuration Debug for project hello_world ****
make all 
make: Nothing to be done for `all'.
14:51:37 **** Incremental Build of configuration Debug for project vga_test ****
make all 
make: Nothing to be done for `all'.
15:42:44 **** Auto Build of project system_bsp2 ****
make -k all 
'Finished building libraries'
15:42:45 **** Auto Build of project system_bsp2 ****
make -k all 
'Finished building libraries'
15:42:45 **** Auto Build of project system_bsp2 ****
make -k all 
'Finished building libraries'
15:42:47 **** Auto Build of project system_bsp2 ****
make -k all 
libgen -hw ../system_hw_platform/system.xml\
	       \
	       -pe ps7_cortexa9_0 \
	       -log libgen.log \
	       system.mss
libgen
Xilinx EDK 14.7 Build EDK_P.20131013
Copyright (c) 1995-2012 Xilinx, Inc.  All rights reserved.

Command Line: libgen -hw ../system_hw_platform/system.xml -pe ps7_cortexa9_0
-log libgen.log system.mss 


Staging source files.
Running DRCs.
Running generate.
Running post_generate.
Running include - 'make -s include "COMPILER=arm-xilinx-eabi-gcc"
"ARCHIVER=arm-xilinx-eabi-ar" "COMPILER_FLAGS= -O2 -c"
"EXTRA_COMPILER_FLAGS=-g"'.

Running libs - 'make -s libs "COMPILER=arm-xilinx-eabi-gcc"
"ARCHIVER=arm-xilinx-eabi-ar" "COMPILER_FLAGS= -O2 -c"
"EXTRA_COMPILER_FLAGS=-g"'.
"Compiling common"
arm-xilinx-eabi-ar: creating ../../../lib/libxil.a
"Compiling standalone"
"Compiling axivdma"
"Compiling gpio"
"Compiling devcfg"
"Compiling dmaps"
"Compiling emacps"
"Compiling gpiops"
"Compiling qspips"
"Compiling scugic"
"Compiling scutimer"
"Compiling scuwdt"
"Compiling ttcps"
"Compiling uartps"
"Compiling usbps"
"Compiling xadcps"
"Compiling video timing controller"
"Compiling cpu_cortexa9"
Running execs_generate.
'Finished building libraries'
15:44:19 **** Auto Build of configuration Debug for project vga_test ****
make all 
make: Nothing to be done for `all'.
15:44:21 **** Clean-only build of project system_bsp2 ****
make -k clean 
rm -rf ps7_cortexa9_0
15:44:32 **** Clean-only build of configuration Debug for project vga_test ****
make clean 
rm -rf  ./src/vga_test.o  ./src/vga_test.d  vga_test.elf.size  vga_test.elf
' '
15:44:32 **** Build of project system_bsp2 ****
make -k all 
libgen -hw ../system_hw_platform/system.xml\
	       \
	       -pe ps7_cortexa9_0 \
	       -log libgen.log \
	       system.mss
libgen
Xilinx EDK 14.7 Build EDK_P.20131013
Copyright (c) 1995-2012 Xilinx, Inc.  All rights reserved.

Command Line: libgen -hw ../system_hw_platform/system.xml -pe ps7_cortexa9_0
-log libgen.log system.mss 


Staging source files.
Running DRCs.
Running generate.
Running post_generate.
Running include - 'make -s include "COMPILER=arm-xilinx-eabi-gcc"
"ARCHIVER=arm-xilinx-eabi-ar" "COMPILER_FLAGS= -O2 -c"
"EXTRA_COMPILER_FLAGS=-g"'.

Running libs - 'make -s libs "COMPILER=arm-xilinx-eabi-gcc"
"ARCHIVER=arm-xilinx-eabi-ar" "COMPILER_FLAGS= -O2 -c"
"EXTRA_COMPILER_FLAGS=-g"'.
"Compiling common"
arm-xilinx-eabi-ar: creating ../../../lib/libxil.a
"Compiling standalone"
"Compiling axivdma"
"Compiling gpio"
"Compiling devcfg"
"Compiling dmaps"
"Compiling emacps"
"Compiling gpiops"
"Compiling qspips"
"Compiling scugic"
"Compiling scutimer"
"Compiling scuwdt"
"Compiling ttcps"
"Compiling uartps"
"Compiling usbps"
"Compiling xadcps"
"Compiling video timing controller"
"Compiling cpu_cortexa9"
Running execs_generate.
'Finished building libraries'
15:45:51 **** Build of configuration Debug for project vga_test ****
make all 
'Building file: ../src/vga_test.c'
'Invoking: ARM gcc compiler'
arm-xilinx-eabi-gcc -Wall -O0 -g3 -c -fmessage-length=0 -I../../system_bsp2/ps7_cortexa9_0/include -MMD -MP -MF"src/vga_test.d" -MT"src/vga_test.d" -o "src/vga_test.o" "../src/vga_test.c"
../src/vga_test.c: In function 'main':
../src/vga_test.c:56:5: warning: implicit declaration of function 'Xil_DCacheFlush' [-Wimplicit-function-declaration]
../src/vga_test.c:64:5: warning: passing argument 2 of 'Xil_Out32' makes integer from pointer without a cast [enabled by default]
In file included from ../../system_bsp2/ps7_cortexa9_0/include/xvtc_hw.h:158:0,
                 from ../../system_bsp2/ps7_cortexa9_0/include/xvtc.h:238,
                 from ../src/vga_test.c:20:
../../system_bsp2/ps7_cortexa9_0/include/xil_io.h:240:6: note: expected 'u32' but argument is of type 'u16 (*)[640]'
'Finished building: ../src/vga_test.c'
' '
'Building target: vga_test.elf'
'Invoking: ARM gcc linker'
arm-xilinx-eabi-gcc -Wl,-T -Wl,../src/lscript.ld -L../../system_bsp2/ps7_cortexa9_0/lib -o "vga_test.elf"  ./src/vga_test.o   -Wl,--start-group,-lxil,-lgcc,-lc,--end-group
'Finished building target: vga_test.elf'
' '
'Invoking: ARM Print Size'
arm-xilinx-eabi-size vga_test.elf  |tee "vga_test.elf.size"
   text	   data	    bss	    dec	    hex	filename
  30556	   1104	 644196	 675856	  a5010	vga_test.elf
'Finished building: vga_test.elf.size'
' '
15:46:36 **** Incremental Build of configuration Debug for project hello_world ****
make all 
make: Nothing to be done for `all'.
15:46:36 **** Incremental Build of configuration Debug for project vga_test ****
make all 
make: Nothing to be done for `all'.
15:51:31 **** Incremental Build of configuration Debug for project hello_world ****
make all 
make: Nothing to be done for `all'.
15:51:32 **** Incremental Build of configuration Debug for project vga_test ****
make all 
make: Nothing to be done for `all'.
