13:30:48 **** Build of configuration Debug for project hello_world ****
make all 
'Building file: ../src/helloworld.c'
'Invoking: ARM gcc compiler'
arm-xilinx-eabi-gcc -Wall -O0 -g3 -c -fmessage-length=0 -I../../system_bsp/ps7_cortexa9_0/include -MMD -MP -MF"src/helloworld.d" -MT"src/helloworld.d" -o "src/helloworld.o" "../src/helloworld.c"
../src/helloworld.c: In function 'main':
../src/helloworld.c:45:27: warning: initialization makes pointer from integer without a cast [enabled by default]
../src/helloworld.c:46:26: warning: initialization makes pointer from integer without a cast [enabled by default]
../src/helloworld.c:62:6: warning: implicit declaration of function 'memcpy' [-Wimplicit-function-declaration]
../src/helloworld.c:62:6: warning: incompatible implicit declaration of built-in function 'memcpy' [enabled by default]
../src/helloworld.c:62:6: warning: passing argument 1 of 'memcpy' discards 'volatile' qualifier from pointer target type [enabled by default]
../src/helloworld.c:62:6: note: expected 'void *' but argument is of type 'volatile char *'
../src/helloworld.c:62:6: warning: passing argument 2 of 'memcpy' discards 'volatile' qualifier from pointer target type [enabled by default]
../src/helloworld.c:62:6: note: expected 'const void *' but argument is of type 'volatile char *'
../src/helloworld.c:64:23: warning: 'return' with no value, in function returning non-void [-Wreturn-type]
'Finished building: ../src/helloworld.c'
' '
'Building file: ../src/platform.c'
'Invoking: ARM gcc compiler'
arm-xilinx-eabi-gcc -Wall -O0 -g3 -c -fmessage-length=0 -I../../system_bsp/ps7_cortexa9_0/include -MMD -MP -MF"src/platform.d" -MT"src/platform.d" -o "src/platform.o" "../src/platform.c"
'Finished building: ../src/platform.c'
' '
'Building target: hello_world.elf'
'Invoking: ARM gcc linker'
arm-xilinx-eabi-gcc -Wl,-T -Wl,../src/lscript.ld -L../../system_bsp/ps7_cortexa9_0/lib -o "hello_world.elf"  ./src/helloworld.o ./src/platform.o   -Wl,--start-group,-lxil,-lgcc,-lc,--end-group
'Finished building target: hello_world.elf'
' '
'Invoking: ARM Print Size'
arm-xilinx-eabi-size hello_world.elf  |tee "hello_world.elf.size"
   text	   data	    bss	    dec	    hex	filename
  62520	   2264	  29852	  94636	  171ac	hello_world.elf
'Finished building: hello_world.elf.size'
' '

13:30:50 Build Finished (took 1s.710ms)

