18:47:08 **** Auto Build of configuration Debug for project nes_bootloader ****
make all 
'Building file: ../src/NESCore_Callback.c'
'Invoking: ARM gcc compiler'
arm-xilinx-eabi-gcc -Wall -O0 -g3 -I"../src/NESCore/" -I"../src/" -I"../src/xilsd/" -I"../../xilsd/" -I"../../src/NESCore/" -c -fmessage-length=0 -I../../standalone_bsp_0/ps7_cortexa9_0/include -MMD -MP -MF"src/NESCore_Callback.d" -MT"src/NESCore_Callback.d" -o "src/NESCore_Callback.o" "../src/NESCore_Callback.c"
../src/NESCore_Callback.c: In function 'NESCore_Callback_InputPadState':
../src/NESCore_Callback.c:77:26: warning: initialization makes pointer from integer without a cast [enabled by default]
../src/NESCore_Callback.c:78:27: warning: initialization makes pointer from integer without a cast [enabled by default]
../src/NESCore_Callback.c:79:27: warning: initialization makes pointer from integer without a cast [enabled by default]
../src/NESCore_Callback.c:79:20: warning: unused variable 'LEDs' [-Wunused-variable]
'Finished building: ../src/NESCore_Callback.c'
' '
'Building target: nes_bootloader.elf'
'Invoking: ARM gcc linker'
arm-xilinx-eabi-gcc -Wl,-T -Wl,../src/lscript.ld -L../../standalone_bsp_0/ps7_cortexa9_0/lib -o "nes_bootloader.elf"  ./src/xilsd/ff.o ./src/xilsd/mmc.o ./src/xilsd/xilsd.o  ./src/NESCore/M6502.o ./src/NESCore/NESCore.o ./src/NESCore/NESCore_Mapper.o ./src/NESCore/NESCore_pAPU.o  ./src/NESCore_Callback.o ./src/bmp_misc.o ./src/nes_bootloader.o ./src/utils.o ./src/wav_misc.o   -Wl,--start-group,-lxil,-lgcc,-lc,--end-group
'Finished building target: nes_bootloader.elf'
' '
'Invoking: ARM Print Size'
arm-xilinx-eabi-size nes_bootloader.elf  |tee "nes_bootloader.elf.size"
   text	   data	    bss	    dec	    hex	filename
 511004	   4392	67852268	68367664	4133530	nes_bootloader.elf
'Finished building: nes_bootloader.elf.size'
' '

18:47:11 Build Finished (took 3s.353ms)

