11:30:42 **** Build of configuration Debug for project vga_test ****
make all 
'Building file: ../src/platform.c'
'Invoking: ARM gcc compiler'
arm-xilinx-eabi-gcc -Wall -O0 -g3 -c -fmessage-length=0 -I../../standalone_bsp_0/ps7_cortexa9_0/include -MMD -MP -MF"src/platform.d" -MT"src/platform.d" -o "src/platform.o" "../src/platform.c"
'Finished building: ../src/platform.c'
' '
'Building file: ../src/vga_test.c'
'Invoking: ARM gcc compiler'
arm-xilinx-eabi-gcc -Wall -O0 -g3 -c -fmessage-length=0 -I../../standalone_bsp_0/ps7_cortexa9_0/include -MMD -MP -MF"src/vga_test.d" -MT"src/vga_test.d" -o "src/vga_test.o" "../src/vga_test.c"
../src/vga_test.c: In function 'main':
../src/vga_test.c:61:5: warning: implicit declaration of function 'Xil_DCacheFlush' [-Wimplicit-function-declaration]
'Finished building: ../src/vga_test.c'
' '
'Building target: vga_test.elf'
'Invoking: ARM gcc linker'
arm-xilinx-eabi-gcc -Wl,-T -Wl,../src/lscript.ld -L../../standalone_bsp_0/ps7_cortexa9_0/lib -o "vga_test.elf"  ./src/platform.o ./src/vga_test.o   -Wl,--start-group,-lxil,-lgcc,-lc,--end-group
'Finished building target: vga_test.elf'
' '
'Invoking: ARM Print Size'
arm-xilinx-eabi-size vga_test.elf  |tee "vga_test.elf.size"
   text	   data	    bss	    dec	    hex	filename
  69924	   2272	 644268	 716464	  aeeb0	vga_test.elf
'Finished building: vga_test.elf.size'
' '

11:30:44 Build Finished (took 1s.822ms)

